// Jest Snapshot v1, https://goo.gl/fbAQLP

exports[`Android BpkPicker should render correctly 1`] = `
<View
  style={
    Array [
      Object {
        "marginVertical": 4,
        "paddingVertical": 4,
      },
      null,
    ]
  }
>
  <View
    accessibilityComponentType={undefined}
    accessibilityLabel={undefined}
    accessibilityTraits={undefined}
    accessible={true}
    collapsable={undefined}
    hasTVPreferredFocus={undefined}
    hitSlop={undefined}
    isTVSelectable={true}
    nativeID={undefined}
    onLayout={undefined}
    onResponderGrant={[Function]}
    onResponderMove={[Function]}
    onResponderRelease={[Function]}
    onResponderTerminate={[Function]}
    onResponderTerminationRequest={[Function]}
    onStartShouldSetResponder={[Function]}
    style={
      Object {
        "opacity": 1,
      }
    }
    testID={undefined}
    tvParallaxProperties={undefined}
  >
    <Text
      accessible={true}
      allowFontScaling={true}
      collapsable={undefined}
      ellipsizeMode="tail"
      style={
        Object {
          "color": "rgba(178, 174, 189, 1)",
          "fontFamily": "sans-serif",
          "fontSize": 16,
          "fontWeight": "400",
          "lineHeight": 24,
          "position": "absolute",
          "top": 23,
        }
      }
    >
      
    </Text>
    <View
      collapsable={undefined}
      style={
        Object {
          "alignItems": "center",
          "backgroundColor": "rgba(0,0,0,0)",
          "borderBottomColor": "rgba(230, 228, 235, 1)",
          "borderBottomWidth": 1,
          "flexDirection": "row",
          "paddingRight": 8,
          "paddingTop": 20,
        }
      }
    >
      <Text
        accessible={true}
        allowFontScaling={true}
        ellipsizeMode="tail"
        style={
          Array [
            Object {
              "color": "rgb(82, 76, 97)",
              "fontFamily": "sans-serif",
              "fontSize": 16,
              "fontWeight": "400",
            },
            Object {
              "color": "rgb(82, 76, 97)",
              "flex": 1,
              "minHeight": 32,
              "paddingVertical": 4,
            },
          ]
        }
      >
         
      </Text>
      <Text
        accessible={true}
        allowFontScaling={true}
        ellipsizeMode="tail"
        style={
          Array [
            Object {
              "color": "rgb(82, 76, 97)",
              "fontFamily": "BpkIcon",
              "fontSize": 24,
              "lineHeight": 24,
            },
            Object {
              "fontSize": 16,
              "lineHeight": 16,
            },
          ]
        }
      >
        Ó®ç
      </Text>
    </View>
  </View>
  <Modal
    animationType="slide"
    hardwareAccelerated={false}
    transparent={true}
    visible={false}
  >
    <View
      style={
        Object {
          "backgroundColor": "rgb(204, 201, 212)",
          "bottom": 0,
          "flexDirection": "column",
          "position": "absolute",
          "width": "100%",
        }
      }
    >
      <View
        style={
          Object {
            "backgroundColor": "rgb(243, 242, 245)",
            "borderColor": "rgb(204, 201, 212)",
            "borderTopWidth": 1,
            "flex": 1,
            "flexDirection": "row",
            "paddingHorizontal": 4,
            "paddingVertical": 2,
          }
        }
      >
        <BVLinearGradient
          colors={
            Array [
              0,
              0,
            ]
          }
          end={undefined}
          locations={null}
          start={undefined}
          style={
            Array [
              Array [
                Object {
                  "borderRadius": 40,
                  "height": 32,
                },
              ],
              null,
            ]
          }
        >
          <View
            accessibilityComponentType="button"
            accessibilityLabel="Previous"
            accessibilityTraits={
              Array [
                "button",
              ]
            }
            accessible={true}
            hitSlop={undefined}
            nativeID={undefined}
            onLayout={undefined}
            onResponderGrant={[Function]}
            onResponderMove={[Function]}
            onResponderRelease={[Function]}
            onResponderTerminate={[Function]}
            onResponderTerminationRequest={[Function]}
            onStartShouldSetResponder={[Function]}
            style={
              Array [
                Array [
                  Object {
                    "borderRadius": 40,
                    "height": 32,
                    "paddingHorizontal": 12,
                    "paddingVertical": 8,
                  },
                  Object {
                    "borderColor": "rgb(230, 228, 235)",
                    "borderWidth": 2,
                    "paddingHorizontal": 10,
                    "paddingVertical": 6,
                  },
                ],
                Object {
                  "borderColor": "rgba(0,0,0,0)",
                },
              ]
            }
            testID={undefined}
          >
            <View
              style={
                Array [
                  Object {
                    "alignItems": "center",
                    "flex": 1,
                    "flexDirection": "row",
                    "justifyContent": "center",
                  },
                ]
              }
            >
              <Text
                accessible={true}
                allowFontScaling={true}
                ellipsizeMode="tail"
                style={
                  Array [
                    Object {
                      "color": "rgb(82, 76, 97)",
                      "fontFamily": "System",
                      "fontSize": 13,
                      "fontWeight": "400",
                    },
                    Object {
                      "fontFamily": undefined,
                    },
                    Array [
                      Array [
                        Object {
                          "backgroundColor": "transparent",
                          "color": "rgb(255, 255, 255)",
                          "lineHeight": 13,
                        },
                        Object {
                          "color": "rgb(0, 178, 214)",
                        },
                      ],
                      Object {
                        "color": "rgb(0, 178, 214)",
                      },
                    ],
                  ]
                }
              >
                Previous
              </Text>
            </View>
            <View
              style={
                Array [
                  Object {
                    "backgroundColor": "rgb(37, 32, 51)",
                    "bottom": 0,
                    "flex": 1,
                    "left": 0,
                    "opacity": 0,
                    "position": "absolute",
                    "right": 0,
                    "top": 0,
                  },
                  Object {
                    "borderRadius": 40,
                  },
                ]
              }
            />
          </View>
        </BVLinearGradient>
        <BVLinearGradient
          colors={
            Array [
              0,
              0,
            ]
          }
          end={undefined}
          locations={null}
          start={undefined}
          style={
            Array [
              Array [
                Object {
                  "borderRadius": 40,
                  "height": 32,
                },
              ],
              null,
            ]
          }
        >
          <View
            accessibilityComponentType="button"
            accessibilityLabel="Next"
            accessibilityTraits={
              Array [
                "button",
              ]
            }
            accessible={true}
            hitSlop={undefined}
            nativeID={undefined}
            onLayout={undefined}
            onResponderGrant={[Function]}
            onResponderMove={[Function]}
            onResponderRelease={[Function]}
            onResponderTerminate={[Function]}
            onResponderTerminationRequest={[Function]}
            onStartShouldSetResponder={[Function]}
            style={
              Array [
                Array [
                  Object {
                    "borderRadius": 40,
                    "height": 32,
                    "paddingHorizontal": 12,
                    "paddingVertical": 8,
                  },
                  Object {
                    "borderColor": "rgb(230, 228, 235)",
                    "borderWidth": 2,
                    "paddingHorizontal": 10,
                    "paddingVertical": 6,
                  },
                ],
                Object {
                  "borderColor": "rgba(0,0,0,0)",
                },
              ]
            }
            testID={undefined}
          >
            <View
              style={
                Array [
                  Object {
                    "alignItems": "center",
                    "flex": 1,
                    "flexDirection": "row",
                    "justifyContent": "center",
                  },
                ]
              }
            >
              <Text
                accessible={true}
                allowFontScaling={true}
                ellipsizeMode="tail"
                style={
                  Array [
                    Object {
                      "color": "rgb(82, 76, 97)",
                      "fontFamily": "System",
                      "fontSize": 13,
                      "fontWeight": "400",
                    },
                    Object {
                      "fontFamily": undefined,
                    },
                    Array [
                      Array [
                        Object {
                          "backgroundColor": "transparent",
                          "color": "rgb(255, 255, 255)",
                          "lineHeight": 13,
                        },
                        Object {
                          "color": "rgb(0, 178, 214)",
                        },
                      ],
                      Object {
                        "color": "rgb(0, 178, 214)",
                      },
                    ],
                  ]
                }
              >
                Next
              </Text>
            </View>
            <View
              style={
                Array [
                  Object {
                    "backgroundColor": "rgb(37, 32, 51)",
                    "bottom": 0,
                    "flex": 1,
                    "left": 0,
                    "opacity": 0,
                    "position": "absolute",
                    "right": 0,
                    "top": 0,
                  },
                  Object {
                    "borderRadius": 40,
                  },
                ]
              }
            />
          </View>
        </BVLinearGradient>
        <View
          style={
            Object {
              "flex": 1,
            }
          }
        />
        <BVLinearGradient
          colors={
            Array [
              0,
              0,
            ]
          }
          end={undefined}
          locations={null}
          start={undefined}
          style={
            Array [
              Array [
                Object {
                  "borderRadius": 40,
                  "height": 32,
                },
              ],
              null,
            ]
          }
        >
          <View
            accessibilityComponentType="button"
            accessibilityLabel="Done"
            accessibilityTraits={
              Array [
                "button",
              ]
            }
            accessible={true}
            hitSlop={undefined}
            nativeID={undefined}
            onLayout={undefined}
            onResponderGrant={[Function]}
            onResponderMove={[Function]}
            onResponderRelease={[Function]}
            onResponderTerminate={[Function]}
            onResponderTerminationRequest={[Function]}
            onStartShouldSetResponder={[Function]}
            style={
              Array [
                Array [
                  Object {
                    "borderRadius": 40,
                    "height": 32,
                    "paddingHorizontal": 12,
                    "paddingVertical": 8,
                  },
                  Object {
                    "borderColor": "rgb(230, 228, 235)",
                    "borderWidth": 2,
                    "paddingHorizontal": 10,
                    "paddingVertical": 6,
                  },
                ],
                Object {
                  "borderColor": "rgba(0,0,0,0)",
                },
              ]
            }
            testID={undefined}
          >
            <View
              style={
                Array [
                  Object {
                    "alignItems": "center",
                    "flex": 1,
                    "flexDirection": "row",
                    "justifyContent": "center",
                  },
                ]
              }
            >
              <Text
                accessible={true}
                allowFontScaling={true}
                ellipsizeMode="tail"
                style={
                  Array [
                    Object {
                      "color": "rgb(82, 76, 97)",
                      "fontFamily": "System",
                      "fontSize": 13,
                      "fontWeight": "400",
                    },
                    Object {
                      "fontFamily": undefined,
                    },
                    Array [
                      Array [
                        Object {
                          "backgroundColor": "transparent",
                          "color": "rgb(255, 255, 255)",
                          "lineHeight": 13,
                        },
                        Object {
                          "color": "rgb(0, 178, 214)",
                        },
                      ],
                      Object {
                        "color": "rgb(0, 178, 214)",
                      },
                    ],
                  ]
                }
              >
                Done
              </Text>
            </View>
            <View
              style={
                Array [
                  Object {
                    "backgroundColor": "rgb(37, 32, 51)",
                    "bottom": 0,
                    "flex": 1,
                    "left": 0,
                    "opacity": 0,
                    "position": "absolute",
                    "right": 0,
                    "top": 0,
                  },
                  Object {
                    "borderRadius": 40,
                  },
                ]
              }
            />
          </View>
        </BVLinearGradient>
      </View>
      <View
        style={
          Array [
            Object {
              "alignSelf": "flex-start",
              "borderColor": "red",
              "borderWidth": 1,
            },
            undefined,
          ]
        }
      />
    </View>
  </Modal>
</View>
`;

exports[`Android BpkPicker should render correctly with arbitrary props 1`] = `null`;

exports[`Android BpkPicker should render correctly with custom style 1`] = `null`;

exports[`Android BpkPicker should render correctly with hint value 1`] = `null`;

exports[`Android BpkPicker should render correctly with valid 1`] = `null`;

exports[`Android BpkPicker should render correctly with valid false 1`] = `null`;

exports[`Android BpkPicker should render correctly with valid false and a validation message 1`] = `null`;
